// Jest Snapshot v1, https://goo.gl/fbAQLP

exports[`<DemoPage /> Snaphot must match demoPageDefault 1`] = `<div />`;
